Genie 26 Deployment Log
Timestamp MS: 1781849999461
Places: 7
Actors: 1
Place: zone_1
Place: zone_2
Place: zone_3
Place: zone_4
Place: zone_5
Place: zone_6
Place: zone_extra
Initiating Headless Unreal Engine 4 Build...
Pipeline Status: FAILED
Genie 26 Deployment Log
Timestamp MS: 1781943227793
Places: 8
Actors: 2
Place: zone_1
Place: zone_2
Place: zone_3
Place: zone_4
Place: zone_5
Place: zone_6
Place: zone_extra
Place: tiger_bay
Initiating Headless Unreal Engine 4 Build...
Pipeline Status: FAILED
Genie 26 Deployment Log
Timestamp MS: 1781943233969
Places: 8
Actors: 2
Place: zone_1
Place: zone_2
Place: zone_3
Place: zone_4
Place: zone_5
Place: zone_6
Place: zone_extra
Place: tiger_bay
Initiating Headless Unreal Engine 4 Build...
Pipeline Status: FAILED
